测试开始
2026-08-17 12:36:41,682 | 30304 | 32392 | [open_context_base.py:411] _init_connect_sync: New connect ready: conn=7494975468836415700(1) context=<futu.quote.open_quote_context.OpenQuoteContext object at 0x00000210C8D0BC50>
连接中...
返回: ret=-1
行数: 48
Traceback (most recent call last):
  File "D:\Backup\Documents\ChatGPT\AI\stock-signals\test1.py", line 10, in <module>
    print(data.head())
          ^^^^^^^^^
AttributeError: 'str' object has no attribute 'head'
